Watch FT6336U queued Buttons queued: keyboard=2 mouse=0 PASS
Watch FT6336U queued Buttons move-inside: keyboard=2 mouse=0 PASS
Watch FT6336U queued Buttons sampled: keyboard=2 mouse=0 PASS
Watch FT6336U queued Buttons held-release: keyboard=2 mouse=0 PASS
Watch FT6336U queued Buttons deadline100: keyboard=2 mouse=0 PASS
Watch FT6336U queued Buttons mouse: keyboard=0 mouse=2 PASS
Watch FT6336U queued Buttons wheel: keyboard=0 mouse=2 PASS
Watch FT6336U queued Buttons motion: keyboard=0 mouse=2 PASS
Watch FT6336U queued Buttons multi-contact: keyboard=0 mouse=0 PASS
Watch FT6336U queued Buttons move-outside: keyboard=0 mouse=0 PASS
Watch FT6336U queued Buttons changed-id: keyboard=0 mouse=0 PASS
Watch FT6336U queued Buttons second-tap: keyboard=0 mouse=0 PASS
Watch FT6336U queued Buttons deadline101: keyboard=0 mouse=0 PASS
Watch FT6336U queued Buttons clock-rollback: keyboard=0 mouse=0 PASS
Watch FT6336U queued Buttons queue-overflow: keyboard=0 mouse=0 PASS
Watch FT6336U queued Buttons keyboard-unready: keyboard=0 mouse=0 PASS
Watch FT6336U queued Buttons no-auth: keyboard=0 mouse=0 PASS
Watch FT6336U queued Buttons no-encryption: keyboard=0 mouse=0 PASS
Watch FT6336U queued Buttons generation-change: keyboard=0 mouse=0 PASS
Watch FT6336U queued Buttons disconnected: keyboard=0 mouse=0 PASS
Watch FT6336U queued Buttons settings: keyboard=0 mouse=0 PASS
Watch FT6336U queued Buttons unarmed: keyboard=0 mouse=0 PASS
Watch FT6336U queued Buttons poll-fail: keyboard=0 mouse=0 PASS
Watch FT6336U queued Buttons press-fail: keyboard=1 mouse=0 PASS
Watch FT6336U queued Buttons release-fail: keyboard=2 mouse=0 PASS
